<?xml version="1.0" encoding="UTF-8"?>
<testsuites name="jest tests" tests="1" failures="0" errors="0" time="0.375">
  <testsuite name="Testando o endpoint GET" errors="0" failures="0" skipped="0" timestamp="2023-10-19T15:14:27" time="0.341" tests="1">
    <testcase classname="Testando o endpoint GET Deve retornar Status 200" name="Testando o endpoint GET Deve retornar Status 200" time="0.043">
    </testcase>
  </testsuite>
</testsuites>